// Jest Snapshot v1, https://goo.gl/fbAQLP

exports[`Snapshot 1`] = `
<DocumentFragment>
  <nav
    class="navigation"
  >
    <p
      class="logo"
    >
      ASPEN
    </p>
  </nav>
</DocumentFragment>
`;

exports[`Snapshot 2`] = `
<DocumentFragment>
  <footer
    class="footer-wrapper"
  >
    <p
      class="footer-wrapper__link"
    >
      Made by 
      <a
        href="https://martalewan.com/"
      >
        Marta Lewan
      </a>
    </p>
    <p
      class="footer-wrapper__link"
    >
      2021
    </p>
  </footer>
</DocumentFragment>
`;
